[backblue.gif]
[fade.gif]
[index.html]
[www.badaramdwara.org/favicon.ico]
[www.badaramdwara.org/nivo/jquery-1.6.1.min.js]
[www.badaramdwara.org/prettyphoto/jquery.prettyPhoto.js]
[www.badaramdwara.org/Scripts/script.js]
[www.badaramdwara.org/Scripts/AC_RunActiveContent.js]
[www.badaramdwara.org/freecontactformvalidation.js]
[www.badaramdwara.org/images/lo.gif]
[www.badaramdwara.org/images/rm2.png]
[www.badaramdwara.org/images/banner.gif]
[www.badaramdwara.org/images/slider/slider-img-1.jpg]
[www.badaramdwara.org/images/slider/slider-img-2.jpg]
[www.badaramdwara.org/images/slider/slider-img-3.jpg]
[www.badaramdwara.org/images/slider/slider-img-4.jpg]
[www.badaramdwara.org/images/gallery/f1.jpg]
[www.badaramdwara.org/images/gallery/live.jpg]
[www.badaramdwara.org/images/gallery/f2.jpg]
[www.badaramdwara.org/preview.swf]
[www.badaramdwara.org/images/books/amulya.pdf]
[www.badaramdwara.org/images/flickr/book1.jpg]
[www.badaramdwara.org/images/books/pravachan.pdf]
[www.badaramdwara.org/images/flickr/book3.jpg]
[www.badaramdwara.org/images/books/arpan.pdf]
[www.badaramdwara.org/images/flickr/book8.jpg]
[www.badaramdwara.org/images/flickr/book4.jpg]
[www.badaramdwara.org/images/flickr/book5.jpg]
[www.badaramdwara.org/images/flickr/book6.jpg]
[www.badaramdwara.org/images/flickr/book7.jpg]
[www.badaramdwara.org/images/flickr/book2.jpg]
[www.badaramdwara.org/images/flickr/book9.jpg]
[www.badaramdwara.org/images/fb.png]
[www.badaramdwara.org/images/twit.png]
[www.badaramdwara.org/images/yt.png]
[www.badaramdwara.org/nivo/jquery.nivo.slider.pack.js]
[www.badaramdwara.org/index.html]
[www.badaramdwara.org/images/divider.png]
[www.badaramdwara.org/images/11.png]
[www.badaramdwara.org/images/111.png]
[www.badaramdwara.org/images/gallery-shadow.png]
[www.badaramdwara.org/images/gallery-rollover.png]
[www.badaramdwara.org/images/about-img-shadow.png]
[www.badaramdwara.org/images/footer-bg.jpg]
[www.badaramdwara.org/images/flickr-shadow.png]
[www.badaramdwara.org/images/topbar.png]
[www.badaramdwara.org/styles.css]
[www.badaramdwara.org/images/slider-shadow.png]
[www.badaramdwara.org/nivo/bullets.png]
[www.badaramdwara.org/nivo/default.css]
[www.badaramdwara.org/nivo/nivo-slider.css]
[www.badaramdwara.org/prettyphoto/prettyPhoto.css]
[www.badaramdwara.org/Scripts/AC_ActiveX.html]
[www.badaramdwara.org/index-2.html]
[www.badaramdwara.org/about.html]
[www.badaramdwara.org/images/gosala image/g51.jpg]
[www.badaramdwara.org/images/thumbs/gs51.jpg]
[www.badaramdwara.org/images/gosala image/g52.jpg]
[www.badaramdwara.org/images/thumbs/gs52.jpg]
[www.badaramdwara.org/images/gosala image/g53.jpg]
[www.badaramdwara.org/images/thumbs/gs53.jpg]
[www.badaramdwara.org/images/gosala image/g54.jpg]
[www.badaramdwara.org/images/thumbs/gs54.jpg]
[www.badaramdwara.org/images/gosala image/g55.jpg]
[www.badaramdwara.org/images/thumbs/gu14.jpg]
[www.badaramdwara.org/images/gosala image/gu15.jpg]
[www.badaramdwara.org/images/thumbs/gu15.jpg]
[www.badaramdwara.org/images/gosala image/gu16.jpg]
[www.badaramdwara.org/images/thumbs/gu16.jpg]
[www.badaramdwara.org/images/gosala image/gu17.jpg]
[www.badaramdwara.org/images/thumbs/gu17.jpg]
[www.badaramdwara.org/images/gosala image/gu18.jpg]
[www.badaramdwara.org/images/thumbs/gu18.jpg]
[www.badaramdwara.org/images/thumbs/gs71.jpg]
[www.badaramdwara.org/guru.html]
[www.badaramdwara.org/images/cow.gif]
[www.badaramdwara.org/images/gosala image/1.jpg]
[www.badaramdwara.org/images/thumbs/g1.jpg]
[www.badaramdwara.org/images/gosala image/7.jpg]
[www.badaramdwara.org/images/thumbs/g7.jpg]
[www.badaramdwara.org/images/gosala image/14.jpg]
[www.badaramdwara.org/images/thumbs/g14.jpg]
[www.badaramdwara.org/images/thumbs/g3.jpg]
[www.badaramdwara.org/images/thumbs/g8.jpg]
[www.badaramdwara.org/images/thumbs/g15.jpg]
[www.badaramdwara.org/images/thumbs/g4.jpg]
[www.badaramdwara.org/images/gosala image/9.jpg]
[www.badaramdwara.org/images/thumbs/g9.jpg]
[www.badaramdwara.org/images/gosala image/16.jpg]
[www.badaramdwara.org/images/thumbs/g16.jpg]
[www.badaramdwara.org/images/gosala image/5.jpg]
[www.badaramdwara.org/images/thumbs/g5.jpg]
[www.badaramdwara.org/images/gosala image/10.jpg]
[www.badaramdwara.org/images/thumbs/g10.jpg]
[www.badaramdwara.org/images/gosala image/17.jpg]
[www.badaramdwara.org/images/thumbs/g17.jpg]
[www.badaramdwara.org/images/gosala image/6.jpg]
[www.badaramdwara.org/images/thumbs/g6.jpg]
[www.badaramdwara.org/images/gosala image/11.jpg]
[www.badaramdwara.org/images/thumbs/g11.jpg]
[www.badaramdwara.org/images/gosala image/18.jpg]
[www.badaramdwara.org/images/thumbs/g18.jpg]
[www.badaramdwara.org/images/gosala image/12.jpg]
[www.badaramdwara.org/images/thumbs/g12.jpg]
[www.badaramdwara.org/images/gosala image/19.jpg]
[www.badaramdwara.org/images/thumbs/g19.jpg]
[www.badaramdwara.org/images/gosala image/13.jpg]
[www.badaramdwara.org/images/thumbs/g13.jpg]
[www.badaramdwara.org/images/gosala image/20.jpg]
[www.badaramdwara.org/goshala.html]
[www.badaramdwara.org/images/gosala image/b9.jpg]
[www.badaramdwara.org/images/thumbs/bs9.jpg]
[www.badaramdwara.org/images/gosala image/b10.jpg]
[www.badaramdwara.org/images/thumbs/bs10.jpg]
[www.badaramdwara.org/images/gosala image/b1.jpg]
[www.badaramdwara.org/images/thumbs/bs1.jpg]
[www.badaramdwara.org/images/gosala image/b2.jpg]
[www.badaramdwara.org/images/thumbs/bs2.jpg]
[www.badaramdwara.org/images/gosala image/b3.jpg]
[www.badaramdwara.org/images/thumbs/bs3.jpg]
[www.badaramdwara.org/images/gosala image/b4.jpg]
[www.badaramdwara.org/images/thumbs/bs4.jpg]
[www.badaramdwara.org/images/gosala image/b5.jpg]
[www.badaramdwara.org/images/thumbs/bs5.jpg]
[www.badaramdwara.org/images/gosala image/b6.jpg]
[www.badaramdwara.org/images/thumbs/bs6.jpg]
[www.badaramdwara.org/images/gosala image/b7.jpg]
[www.badaramdwara.org/images/thumbs/bs7.jpg]
[www.badaramdwara.org/images/gosala image/b8.jpg]
[www.badaramdwara.org/images/thumbs/bs8.jpg]
[www.badaramdwara.org/images/rs.png]
[www.badaramdwara.org/bhojanshala.html]
[www.badaramdwara.org/video.html]
[www.badaramdwara.org/ramji.swf]
[www.badaramdwara.org/images/gallery/f3.jpg]
[www.badaramdwara.org/photo.html]
[www.badaramdwara.org/audiolist.html]
[www.badaramdwara.org/images/book.jpg]
[www.badaramdwara.org/images/books/amuly/cower 1.jpg]
[www.badaramdwara.org/images/books/pravachan/cower.jpg]
[www.badaramdwara.org/images/books/arpan/cower.jpg]
[www.badaramdwara.org/images/book 4.jpg]
[www.badaramdwara.org/images/book5.jpg]
[www.badaramdwara.org/images/book6.jpg]
[www.badaramdwara.org/images/book7.jpg]
[www.badaramdwara.org/images/book8.jpg]
[www.badaramdwara.org/images/book9.jpg]
[www.badaramdwara.org/images/book11.jpg]
[www.badaramdwara.org/book.html]
[www.payumoney.com/media/images/payby_payumoney/buttons/212.png]
[www.badaramdwara.org/donateform.html]
[www.badaramdwara.org/images/contact.jpg]
[www.badaramdwara.org/contact.html]
[www.badaramdwara.org/nee.swf]
[www.badaramdwara.org/photo_gallery1.html]
[www.badaramdwara.org/pravachan.html]
[www.badaramdwara.org/aboutenglish.html]
[www.badaramdwara.org/freecontactformvalidation_d.js]
[www.badaramdwara.org/donation.html]
[www.badaramdwara.org/images/th.jpg]
[www.badaramdwara.org/booking.html]
[www.badaramdwara.org/images/ramji.jpg]
[www.badaramdwara.org/images/ram.jpg]
[www.badaramdwara.org/bhagwat.html]
[www.badaramdwara.org/images/snehi.jpg]
[www.badaramdwara.org/suvichar.html]
[www.badaramdwara.org/images/ram_p1.gif]
[www.badaramdwara.org/activity.html]
[www.badaramdwara.org/images/books/amulya.pdf]
[www.badaramdwara.org/news.html]
[www.badaramdwara.org/images/icon-float.html]
[www.badaramdwara.org/images/icon-facebook.html]
[www.badaramdwara.org/images/icon-flickr.html]
[www.badaramdwara.org/images/icon-twitter.html]
[www.badaramdwara.org/images/icon-name.html]
[www.badaramdwara.org/images/icon-email.html]
[www.badaramdwara.org/images/header.html]
[www.badaramdwara.org/images/header_over.html]
[www.badaramdwara.org/images/arrow.html]
[www.badaramdwara.org/nivo/arrows.html]
[www.badaramdwara.org/images/prettyPhoto/default/sprite.html]
[www.badaramdwara.org/images/prettyPhoto/default/sprite_x.html]
[www.badaramdwara.org/images/prettyPhoto/default/sprite_y.html]
[www.badaramdwara.org/images/prettyPhoto/default/sprite_next.html]
[www.badaramdwara.org/images/prettyPhoto/default/sprite_prev.html]
[www.badaramdwara.org/images/prettyPhoto/default/default_thumb.html]
[www.badaramdwara.org/images/prettyPhoto/default/loader.html]
[www.badaramdwara.org/images/prettyPhoto/light_rounded/sprite.html]
[www.badaramdwara.org/images/prettyPhoto/light_rounded/btnNext.html]
[www.badaramdwara.org/images/prettyPhoto/light_rounded/btnPrevious.html]
[www.badaramdwara.org/images/prettyPhoto/dark_rounded/sprite.html]
[www.badaramdwara.org/images/prettyPhoto/dark_rounded/contentPattern.html]
[www.badaramdwara.org/images/prettyPhoto/dark_rounded/btnNext.html]
[www.badaramdwara.org/images/prettyPhoto/dark_rounded/btnPrevious.html]
[www.badaramdwara.org/images/prettyPhoto/dark_rounded/loader.html]
[www.badaramdwara.org/images/prettyPhoto/dark_square/loader.html]
[www.badaramdwara.org/images/prettyPhoto/dark_square/sprite.html]
[www.badaramdwara.org/images/prettyPhoto/dark_square/btnNext.html]
[www.badaramdwara.org/images/prettyPhoto/dark_square/btnPrevious.html]
[www.badaramdwara.org/images/prettyPhoto/light_square/sprite.html]
[www.badaramdwara.org/images/prettyPhoto/light_square/btnNext.html]
[www.badaramdwara.org/images/prettyPhoto/light_square/btnPrevious.html]
[www.badaramdwara.org/images/prettyPhoto/facebook/sprite.html]
[www.badaramdwara.org/images/prettyPhoto/facebook/contentPatternTop.html]
[www.badaramdwara.org/images/prettyPhoto/facebook/contentPatternLeft.html]
[www.badaramdwara.org/images/prettyPhoto/facebook/contentPatternRight.html]
[www.badaramdwara.org/images/prettyPhoto/facebook/loader.html]
[www.badaramdwara.org/images/prettyPhoto/facebook/btnNext.html]
[www.badaramdwara.org/images/prettyPhoto/facebook/btnPrevious.html]
[www.badaramdwara.org/images/prettyPhoto/facebook/contentPatternBottom.html]
[www.badaramdwara.org/images/prettyPhoto/facebook/default_thumbnail.html]
[www.badaramdwara.org/images/prettyPhoto/light_rounded/loader.html]
[www.badaramdwara.org/ramprasadenglish.html]
[www.badaramdwara.org/ramdwaraenglish.html]
[www.badaramdwara.org/images/gosala image/g53.jpg]
[www.badaramdwara.org/images/gosala image/g54.jpg]
[www.badaramdwara.org/images/gosala image/g55.jpg]
[www.badaramdwara.org/images/thumbs/gs55.jpg]
[www.badaramdwara.org/images/gosala image/g56.jpg]
[www.badaramdwara.org/images/thumbs/gs56.jpg]
[www.badaramdwara.org/images/gosala image/g57.jpg]
[www.badaramdwara.org/images/gosala image/g58.jpg]
[www.badaramdwara.org/images/thumbs/gs58.jpg]
[www.badaramdwara.org/images/gosala image/g60.jpg]
[www.badaramdwara.org/images/thumbs/gs60.jpg]
[www.badaramdwara.org/images/gosala image/g61.jpg]
[www.badaramdwara.org/images/thumbs/gs61.jpg]
[www.badaramdwara.org/images/gosala image/g62.jpg]
[www.badaramdwara.org/images/thumbs/gs62.jpg]
[www.badaramdwara.org/images/gosala image/g63.jpg]
[www.badaramdwara.org/images/thumbs/gs63.jpg]
[www.badaramdwara.org/images/gosala image/g64.jpg]
[www.badaramdwara.org/images/thumbs/gs64.jpg]
[www.badaramdwara.org/images/gosala image/g65.jpg]
[www.badaramdwara.org/images/thumbs/gs65.jpg]
[www.badaramdwara.org/images/gosala image/g66.jpg]
[www.badaramdwara.org/images/thumbs/gs66.jpg]
[www.badaramdwara.org/images/gosala image/gu4.jpg]
[www.badaramdwara.org/images/thumbs/gu4.jpg]
[www.badaramdwara.org/images/gosala image/3.jpg]
[www.badaramdwara.org/images/gosala image/gu5.jpg]
[www.badaramdwara.org/images/thumbs/gu5.jpg]
[www.badaramdwara.org/images/gosala image/8.jpg]
[www.badaramdwara.org/images/gosala image/gu6.jpg]
[www.badaramdwara.org/images/thumbs/gu6.jpg]
[www.badaramdwara.org/images/gosala image/15.jpg]
[www.badaramdwara.org/images/gosala image/gu7.jpg]
[www.badaramdwara.org/images/thumbs/gu7.jpg]
[www.badaramdwara.org/images/gosala image/4.jpg]
[www.badaramdwara.org/images/gosala image/gu8.jpg]
[www.badaramdwara.org/images/thumbs/gu8.jpg]
[www.badaramdwara.org/images/gosala image/gu9.jpg]
[www.badaramdwara.org/images/thumbs/gu9.jpg]
[www.badaramdwara.org/images/gosala image/gu10.jpg]
[www.badaramdwara.org/images/thumbs/gu10.jpg]
[www.badaramdwara.org/images/gosala image/gu11.jpg]
[www.badaramdwara.org/images/thumbs/gu11.jpg]
[www.badaramdwara.org/images/gosala image/gu12.jpg]
[www.badaramdwara.org/images/thumbs/gu12.jpg]
[www.badaramdwara.org/images/gosala image/gu13.jpg]
[www.badaramdwara.org/images/thumbs/gu13.jpg]
[www.badaramdwara.org/images/gosala image/g71.html]
[www.badaramdwara.org/images/gosala image/g72.html]
[www.badaramdwara.org/images/thumbs/gs72.html]
[www.badaramdwara.org/images/gosala image/gu14.jpg]
[www.badaramdwara.org/guruenglish.html]
[www.badaramdwara.org/images/cow.gif]
[www.badaramdwara.org/goshalaeng.html]
[www.badaramdwara.org/images/thumbs/g20.html]
[www.badaramdwara.org/ramji.swf]
[www.badaramdwara.org/gallery/gallery.swf]
[www.badaramdwara.org/photo_gallery2.html]
[www.badaramdwara.org/admin/images/pics1.jpg]
[www.badaramdwara.org/admin/images/pics2.jpg]
[www.badaramdwara.org/admin/images/pics3.jpg]
[www.badaramdwara.org/admin/images/pics5.jpg]
[www.badaramdwara.org/photo_gallery3.html]
[www.badaramdwara.org/myplayer/javascripts/swfobject.js]
[www.badaramdwara.org/myplayer/javascripts/flash_detect.js]
[www.badaramdwara.org/myplayer/html5/video.js]
[www.badaramdwara.org/myplayer/YTPlayer.swf]
[www.badaramdwara.org/admin/mp3/Kalimba.mp3]
[www.badaramdwara.org/myplayer/logo/lo.gif]
[www.badaramdwara.org/playerf00f.html]
[www.badaramdwara.org/admin/mp3/mmm.mp3]
[www.badaramdwara.org/player4b2f.html]
[www.badaramdwara.org/player1be4.html]
[www.badaramdwara.org/admin/mp3/Sleep Away.mp3]
[www.badaramdwara.org/player4ee1.html]
[www.badaramdwara.org/images/photo metar eng.html]
[www.badaramdwara.org/foram.html]
[www.badaramdwara.org/images/New folder/3.html]
[www.badaramdwara.org/images/New folder/8.html]
[www.badaramdwara.org/images/New folder/9.html]
[www.badaramdwara.org/images/New folder/10.html]
[www.badaramdwara.org/images/New folder/11.html]
[www.badaramdwara.org/templatemo_style.html]
[www.badaramdwara.org/css_pirobox/white/style.html]
[www.badaramdwara.org/Scripts/AC_RunActiveContent_1.html]
[www.badaramdwara.org/abouthindi.html]
[www.badaramdwara.org/aboutenglish2.html]
[www.badaramdwara.org/images/gosala image/k7.jpg]
[www.badaramdwara.org/images/thumbs/ks7.jpg]
[www.badaramdwara.org/images/gosala image/k8.jpg]
[www.badaramdwara.org/images/thumbs/ks8.jpg]
[www.badaramdwara.org/images/gosala image/k9.jpg]
[www.badaramdwara.org/images/thumbs/ks9.jpg]
[www.badaramdwara.org/images/gosala image/k10.jpg]
[www.badaramdwara.org/images/thumbs/ks10.jpg]
[www.badaramdwara.org/images/gosala image/k11.jpg]
[www.badaramdwara.org/images/thumbs/ks11.jpg]
[www.badaramdwara.org/images/gosala image/k1.jpg]
[www.badaramdwara.org/images/thumbs/ks1.jpg]
[www.badaramdwara.org/images/gosala image/k2.jpg]
[www.badaramdwara.org/images/thumbs/ks2.jpg]
[www.badaramdwara.org/images/gosala image/k4.jpg]
[www.badaramdwara.org/images/thumbs/ks4.jpg]
[www.badaramdwara.org/images/gosala image/k5.jpg]
[www.badaramdwara.org/images/thumbs/ks5.jpg]
[www.badaramdwara.org/images/gosala image/k6.jpg]
[www.badaramdwara.org/images/thumbs/ks6.jpg]
[www.badaramdwara.org/images/gosala image/k12.jpg]
[www.badaramdwara.org/images/thumbs/ks12.jpg]
[www.badaramdwara.org/images/gosala image/k13.jpg]
[www.badaramdwara.org/images/thumbs/ks13.jpg]
[www.badaramdwara.org/krashi.html]
[www.badaramdwara.org/ramprasadhindi.html]
[www.badaramdwara.org/ramprasadenglish2.html]
[www.badaramdwara.org/ramprasadenglish3.html]
[www.badaramdwara.org/ramprasadenglish4.html]
[www.badaramdwara.org/ramdwarahindi.html]
[www.badaramdwara.org/ramdwaraenglish2.html]
[www.badaramdwara.org/ramdwaraenglish3.html]
[www.badaramdwara.org/images/gosala image/g61.jpg]
[www.badaramdwara.org/guruhindi.html]
[www.badaramdwara.org/goshalahindi.html]
[www.badaramdwara.org/admin/images/RouGani.html]
[www.badaramdwara.org/admin/images/go.html]
[www.badaramdwara.org/photo_gallery3934f.html]
[www.badaramdwara.org/photo_gallery3f49f.html]
[www.badaramdwara.org/photo_gallery33cd6.html]
[www.badaramdwara.org/photo_gallery3f5ef.html]
[www.badaramdwara.org/myplayer/html5/video-js.css]
[www.badaramdwara.org/admin/mp3/Kalimba.mp3]
[store2.up-00.com/2016-03/145709867377541.jpg]
[www.badaramdwara.org/admin/mp3/RouGani.html]
[www.badaramdwara.org/admin/mp3/Sleep Away.mp3]
[www.badaramdwara.org/abouthindi2.html]
[www.badaramdwara.org/images/gosala image/k8.jpg]
[www.badaramdwara.org/images/gosala image/k11.jpg]
[www.badaramdwara.org/images/gosala image/k6.jpg]
[www.badaramdwara.org/ramprasadhindi2.html]
[www.badaramdwara.org/ramprasadhindi3.html]
[www.badaramdwara.org/ramdwarahindi2.html]
[www.badaramdwara.org/ramdwarahindi3.html]
[www.badaramdwara.org/ramdwarahindi4.html]
[www.badaramdwara.org/images/thumbs/21.jpg]
[www.badaramdwara.org/images/thumbs/23.jpg]
[www.badaramdwara.org/images/thumbs/16.jpg]
[www.badaramdwara.org/images/thumbs/22.jpg]
[www.badaramdwara.org/ramdwarahindi5.html]
[www.badaramdwara.org/images/thumbs/24.jpg]
[www.badaramdwara.org/images/thumbs/26.jpg]
[www.badaramdwara.org/images/thumbs/25.jpg]
[www.badaramdwara.org/ramdwarahindi6.html]
[www.badaramdwara.org/images/thumbs/27.jpg]
[www.badaramdwara.org/images/thumbs/29.jpg]
[www.badaramdwara.org/ramdwarahindi7.html]
[www.badaramdwara.org/images/thumbs/28.jpg]
[www.badaramdwara.org/images/thumbs/31.jpg]
[www.badaramdwara.org/images/thumbs/32.jpg]
[www.badaramdwara.org/ramdwarahindi8.html]
[www.badaramdwara.org/ramdwarahindi9.html]
[www.badaramdwara.org/ramdwarahindi10.html]
